Archive member included because of file (symbol)

/Applications/ModusToolbox 1.0/tools/gcc-4.9.3-1.0/bin/../lib/gcc/arm-none-eabi/4.9.3/../../../../arm-none-eabi/lib/armv7e-m/libc.a(lib_a-exit.o)
                              /Applications/ModusToolbox 1.0/tools/gcc-4.9.3-1.0/bin/../lib/gcc/arm-none-eabi/4.9.3/../../../../arm-none-eabi/lib/armv7e-m/crt0.o (exit)
/Applications/ModusToolbox 1.0/tools/gcc-4.9.3-1.0/bin/../lib/gcc/arm-none-eabi/4.9.3/../../../../arm-none-eabi/lib/armv7e-m/libc.a(lib_a-impure.o)
                              /Applications/ModusToolbox 1.0/tools/gcc-4.9.3-1.0/bin/../lib/gcc/arm-none-eabi/4.9.3/../../../../arm-none-eabi/lib/armv7e-m/libc.a(lib_a-exit.o) (_global_impure_ptr)
/Applications/ModusToolbox 1.0/tools/gcc-4.9.3-1.0/bin/../lib/gcc/arm-none-eabi/4.9.3/../../../../arm-none-eabi/lib/armv7e-m/libc.a(lib_a-init.o)
                              /Applications/ModusToolbox 1.0/tools/gcc-4.9.3-1.0/bin/../lib/gcc/arm-none-eabi/4.9.3/../../../../arm-none-eabi/lib/armv7e-m/crt0.o (__libc_init_array)
/Applications/ModusToolbox 1.0/tools/gcc-4.9.3-1.0/bin/../lib/gcc/arm-none-eabi/4.9.3/../../../../arm-none-eabi/lib/armv7e-m/libc.a(lib_a-memset.o)
                              /Applications/ModusToolbox 1.0/tools/gcc-4.9.3-1.0/bin/../lib/gcc/arm-none-eabi/4.9.3/../../../../arm-none-eabi/lib/armv7e-m/crt0.o (memset)
/Applications/ModusToolbox 1.0/tools/gcc-4.9.3-1.0/bin/../lib/gcc/arm-none-eabi/4.9.3/../../../../arm-none-eabi/lib/armv7e-m/libc.a(lib_a-__call_atexit.o)
                              /Applications/ModusToolbox 1.0/tools/gcc-4.9.3-1.0/bin/../lib/gcc/arm-none-eabi/4.9.3/../../../../arm-none-eabi/lib/armv7e-m/libc.a(lib_a-exit.o) (__call_exitprocs)
/Applications/ModusToolbox 1.0/tools/gcc-4.9.3-1.0/bin/../lib/gcc/arm-none-eabi/4.9.3/../../../../arm-none-eabi/lib/armv7e-m/libc.a(lib_a-atexit.o)
                              /Applications/ModusToolbox 1.0/tools/gcc-4.9.3-1.0/bin/../lib/gcc/arm-none-eabi/4.9.3/../../../../arm-none-eabi/lib/armv7e-m/libc.a(lib_a-__call_atexit.o) (atexit)
/Applications/ModusToolbox 1.0/tools/gcc-4.9.3-1.0/bin/../lib/gcc/arm-none-eabi/4.9.3/../../../../arm-none-eabi/lib/armv7e-m/libc.a(lib_a-fini.o)
                              /Applications/ModusToolbox 1.0/tools/gcc-4.9.3-1.0/bin/../lib/gcc/arm-none-eabi/4.9.3/../../../../arm-none-eabi/lib/armv7e-m/libc.a(lib_a-__call_atexit.o) (__libc_fini_array)
/Applications/ModusToolbox 1.0/tools/gcc-4.9.3-1.0/bin/../lib/gcc/arm-none-eabi/4.9.3/../../../../arm-none-eabi/lib/armv7e-m/libc.a(lib_a-__atexit.o)
                              /Applications/ModusToolbox 1.0/tools/gcc-4.9.3-1.0/bin/../lib/gcc/arm-none-eabi/4.9.3/../../../../arm-none-eabi/lib/armv7e-m/libc.a(lib_a-atexit.o) (__register_exitproc)

Discarded input sections

 .text          0x0000000000000000        0x0 /Applications/ModusToolbox 1.0/tools/gcc-4.9.3-1.0/bin/../lib/gcc/arm-none-eabi/4.9.3/armv7e-m/crti.o
 .data          0x0000000000000000        0x0 /Applications/ModusToolbox 1.0/tools/gcc-4.9.3-1.0/bin/../lib/gcc/arm-none-eabi/4.9.3/armv7e-m/crti.o
 .bss           0x0000000000000000        0x0 /Applications/ModusToolbox 1.0/tools/gcc-4.9.3-1.0/bin/../lib/gcc/arm-none-eabi/4.9.3/armv7e-m/crti.o
 .init          0x0000000000000000        0x4 /Applications/ModusToolbox 1.0/tools/gcc-4.9.3-1.0/bin/../lib/gcc/arm-none-eabi/4.9.3/armv7e-m/crti.o
 .fini          0x0000000000000000        0x4 /Applications/ModusToolbox 1.0/tools/gcc-4.9.3-1.0/bin/../lib/gcc/arm-none-eabi/4.9.3/armv7e-m/crti.o
 .ARM.attributes
                0x0000000000000000       0x1e /Applications/ModusToolbox 1.0/tools/gcc-4.9.3-1.0/bin/../lib/gcc/arm-none-eabi/4.9.3/armv7e-m/crti.o
 .text          0x0000000000000000       0x5c /Applications/ModusToolbox 1.0/tools/gcc-4.9.3-1.0/bin/../lib/gcc/arm-none-eabi/4.9.3/armv7e-m/crtbegin.o
 .data          0x0000000000000000        0x4 /Applications/ModusToolbox 1.0/tools/gcc-4.9.3-1.0/bin/../lib/gcc/arm-none-eabi/4.9.3/armv7e-m/crtbegin.o
 .bss           0x0000000000000000       0x1c /Applications/ModusToolbox 1.0/tools/gcc-4.9.3-1.0/bin/../lib/gcc/arm-none-eabi/4.9.3/armv7e-m/crtbegin.o
 .init_array    0x0000000000000000        0x4 /Applications/ModusToolbox 1.0/tools/gcc-4.9.3-1.0/bin/../lib/gcc/arm-none-eabi/4.9.3/armv7e-m/crtbegin.o
 .fini_array    0x0000000000000000        0x4 /Applications/ModusToolbox 1.0/tools/gcc-4.9.3-1.0/bin/../lib/gcc/arm-none-eabi/4.9.3/armv7e-m/crtbegin.o
 .eh_frame      0x0000000000000000        0x0 /Applications/ModusToolbox 1.0/tools/gcc-4.9.3-1.0/bin/../lib/gcc/arm-none-eabi/4.9.3/armv7e-m/crtbegin.o
 .jcr           0x0000000000000000        0x0 /Applications/ModusToolbox 1.0/tools/gcc-4.9.3-1.0/bin/../lib/gcc/arm-none-eabi/4.9.3/armv7e-m/crtbegin.o
 .ARM.attributes
                0x0000000000000000       0x2e /Applications/ModusToolbox 1.0/tools/gcc-4.9.3-1.0/bin/../lib/gcc/arm-none-eabi/4.9.3/armv7e-m/crtbegin.o
 .text          0x0000000000000000       0x74 /Applications/ModusToolbox 1.0/tools/gcc-4.9.3-1.0/bin/../lib/gcc/arm-none-eabi/4.9.3/../../../../arm-none-eabi/lib/armv7e-m/crt0.o
 .data          0x0000000000000000        0x0 /Applications/ModusToolbox 1.0/tools/gcc-4.9.3-1.0/bin/../lib/gcc/arm-none-eabi/4.9.3/../../../../arm-none-eabi/lib/armv7e-m/crt0.o
 .bss           0x0000000000000000        0x0 /Applications/ModusToolbox 1.0/tools/gcc-4.9.3-1.0/bin/../lib/gcc/arm-none-eabi/4.9.3/../../../../arm-none-eabi/lib/armv7e-m/crt0.o
 .ARM.extab     0x0000000000000000        0x0 /Applications/ModusToolbox 1.0/tools/gcc-4.9.3-1.0/bin/../lib/gcc/arm-none-eabi/4.9.3/../../../../arm-none-eabi/lib/armv7e-m/crt0.o
 .ARM.exidx     0x0000000000000000        0x8 /Applications/ModusToolbox 1.0/tools/gcc-4.9.3-1.0/bin/../lib/gcc/arm-none-eabi/4.9.3/../../../../arm-none-eabi/lib/armv7e-m/crt0.o
 .ARM.attributes
                0x0000000000000000       0x1c /Applications/ModusToolbox 1.0/tools/gcc-4.9.3-1.0/bin/../lib/gcc/arm-none-eabi/4.9.3/../../../../arm-none-eabi/lib/armv7e-m/crt0.o
 .group         0x0000000000000000        0x8 ./RTE/WICED_WAF_APPS/dct.o
 .group         0x0000000000000000        0x8 ./RTE/WICED_WAF_APPS/dct.o
 .group         0x0000000000000000        0x8 ./RTE/WICED_WAF_APPS/dct.o
 .group         0x0000000000000000        0x8 ./RTE/WICED_WAF_APPS/dct.o
 .group         0x0000000000000000        0x8 ./RTE/WICED_WAF_APPS/dct.o
 .group         0x0000000000000000        0x8 ./RTE/WICED_WAF_APPS/dct.o
 .group         0x0000000000000000        0x8 ./RTE/WICED_WAF_APPS/dct.o
 .group         0x0000000000000000        0x8 ./RTE/WICED_WAF_APPS/dct.o
 .group         0x0000000000000000        0x8 ./RTE/WICED_WAF_APPS/dct.o
 .group         0x0000000000000000        0x8 ./RTE/WICED_WAF_APPS/dct.o
 .group         0x0000000000000000        0x8 ./RTE/WICED_WAF_APPS/dct.o
 .group         0x0000000000000000        0x8 ./RTE/WICED_WAF_APPS/dct.o
 .group         0x0000000000000000        0x8 ./RTE/WICED_WAF_APPS/dct.o
 .group         0x0000000000000000        0x8 ./RTE/WICED_WAF_APPS/dct.o
 .group         0x0000000000000000        0x8 ./RTE/WICED_WAF_APPS/dct.o
 .group         0x0000000000000000        0x8 ./RTE/WICED_WAF_APPS/dct.o
 .group         0x0000000000000000        0x8 ./RTE/WICED_WAF_APPS/dct.o
 .group         0x0000000000000000        0x8 ./RTE/WICED_WAF_APPS/dct.o
 .group         0x0000000000000000        0x8 ./RTE/WICED_WAF_APPS/dct.o
 .group         0x0000000000000000        0x8 ./RTE/WICED_WAF_APPS/dct.o
 .group         0x0000000000000000        0x8 ./RTE/WICED_WAF_APPS/dct.o
 .group         0x0000000000000000        0x8 ./RTE/WICED_WAF_APPS/dct.o
 .group         0x0000000000000000        0x8 ./RTE/WICED_WAF_APPS/dct.o
 .group         0x0000000000000000        0x8 ./RTE/WICED_WAF_APPS/dct.o
 .group         0x0000000000000000        0x8 ./RTE/WICED_WAF_APPS/dct.o
 .text          0x0000000000000000        0x0 ./RTE/WICED_WAF_APPS/dct.o
 .data          0x0000000000000000        0x0 ./RTE/WICED_WAF_APPS/dct.o
 .bss           0x0000000000000000        0x0 ./RTE/WICED_WAF_APPS/dct.o
 .text          0x0000000000000000        0x0 /Applications/ModusToolbox 1.0/tools/gcc-4.9.3-1.0/bin/../lib/gcc/arm-none-eabi/4.9.3/../../../../arm-none-eabi/lib/armv7e-m/libc.a(lib_a-exit.o)
 .data          0x0000000000000000        0x0 /Applications/ModusToolbox 1.0/tools/gcc-4.9.3-1.0/bin/../lib/gcc/arm-none-eabi/4.9.3/../../../../arm-none-eabi/lib/armv7e-m/libc.a(lib_a-exit.o)
 .bss           0x0000000000000000        0x0 /Applications/ModusToolbox 1.0/tools/gcc-4.9.3-1.0/bin/../lib/gcc/arm-none-eabi/4.9.3/../../../../arm-none-eabi/lib/armv7e-m/libc.a(lib_a-exit.o)
 .text.exit     0x0000000000000000       0x20 /Applications/ModusToolbox 1.0/tools/gcc-4.9.3-1.0/bin/../lib/gcc/arm-none-eabi/4.9.3/../../../../arm-none-eabi/lib/armv7e-m/libc.a(lib_a-exit.o)
 .debug_frame   0x0000000000000000       0x28 /Applications/ModusToolbox 1.0/tools/gcc-4.9.3-1.0/bin/../lib/gcc/arm-none-eabi/4.9.3/../../../../arm-none-eabi/lib/armv7e-m/libc.a(lib_a-exit.o)
 .ARM.attributes
                0x0000000000000000       0x2e /Applications/ModusToolbox 1.0/tools/gcc-4.9.3-1.0/bin/../lib/gcc/arm-none-eabi/4.9.3/../../../../arm-none-eabi/lib/armv7e-m/libc.a(lib_a-exit.o)
 .text          0x0000000000000000        0x0 /Applications/ModusToolbox 1.0/tools/gcc-4.9.3-1.0/bin/../lib/gcc/arm-none-eabi/4.9.3/../../../../arm-none-eabi/lib/armv7e-m/libc.a(lib_a-impure.o)
 .data          0x0000000000000000        0x0 /Applications/ModusToolbox 1.0/tools/gcc-4.9.3-1.0/bin/../lib/gcc/arm-none-eabi/4.9.3/../../../../arm-none-eabi/lib/armv7e-m/libc.a(lib_a-impure.o)
 .bss           0x0000000000000000        0x0 /Applications/ModusToolbox 1.0/tools/gcc-4.9.3-1.0/bin/../lib/gcc/arm-none-eabi/4.9.3/../../../../arm-none-eabi/lib/armv7e-m/libc.a(lib_a-impure.o)
 .data.impure_data
                0x0000000000000000      0x428 /Applications/ModusToolbox 1.0/tools/gcc-4.9.3-1.0/bin/../lib/gcc/arm-none-eabi/4.9.3/../../../../arm-none-eabi/lib/armv7e-m/libc.a(lib_a-impure.o)
 .data._impure_ptr
                0x0000000000000000        0x4 /Applications/ModusToolbox 1.0/tools/gcc-4.9.3-1.0/bin/../lib/gcc/arm-none-eabi/4.9.3/../../../../arm-none-eabi/lib/armv7e-m/libc.a(lib_a-impure.o)
 .rodata.str1.4
                0x0000000000000000        0x2 /Applications/ModusToolbox 1.0/tools/gcc-4.9.3-1.0/bin/../lib/gcc/arm-none-eabi/4.9.3/../../../../arm-none-eabi/lib/armv7e-m/libc.a(lib_a-impure.o)
 .rodata._global_impure_ptr
                0x0000000000000000        0x4 /Applications/ModusToolbox 1.0/tools/gcc-4.9.3-1.0/bin/../lib/gcc/arm-none-eabi/4.9.3/../../../../arm-none-eabi/lib/armv7e-m/libc.a(lib_a-impure.o)
 .ARM.attributes
                0x0000000000000000       0x2e /Applications/ModusToolbox 1.0/tools/gcc-4.9.3-1.0/bin/../lib/gcc/arm-none-eabi/4.9.3/../../../../arm-none-eabi/lib/armv7e-m/libc.a(lib_a-impure.o)
 .text          0x0000000000000000        0x0 /Applications/ModusToolbox 1.0/tools/gcc-4.9.3-1.0/bin/../lib/gcc/arm-none-eabi/4.9.3/../../../../arm-none-eabi/lib/armv7e-m/libc.a(lib_a-init.o)
 .data          0x0000000000000000        0x0 /Applications/ModusToolbox 1.0/tools/gcc-4.9.3-1.0/bin/../lib/gcc/arm-none-eabi/4.9.3/../../../../arm-none-eabi/lib/armv7e-m/libc.a(lib_a-init.o)
 .bss           0x0000000000000000        0x0 /Applications/ModusToolbox 1.0/tools/gcc-4.9.3-1.0/bin/../lib/gcc/arm-none-eabi/4.9.3/../../../../arm-none-eabi/lib/armv7e-m/libc.a(lib_a-init.o)
 .text.__libc_init_array
                0x0000000000000000       0x50 /Applications/ModusToolbox 1.0/tools/gcc-4.9.3-1.0/bin/../lib/gcc/arm-none-eabi/4.9.3/../../../../arm-none-eabi/lib/armv7e-m/libc.a(lib_a-init.o)
 .debug_frame   0x0000000000000000       0x2c /Applications/ModusToolbox 1.0/tools/gcc-4.9.3-1.0/bin/../lib/gcc/arm-none-eabi/4.9.3/../../../../arm-none-eabi/lib/armv7e-m/libc.a(lib_a-init.o)
 .ARM.attributes
                0x0000000000000000       0x2e /Applications/ModusToolbox 1.0/tools/gcc-4.9.3-1.0/bin/../lib/gcc/arm-none-eabi/4.9.3/../../../../arm-none-eabi/lib/armv7e-m/libc.a(lib_a-init.o)
 .text          0x0000000000000000        0x0 /Applications/ModusToolbox 1.0/tools/gcc-4.9.3-1.0/bin/../lib/gcc/arm-none-eabi/4.9.3/../../../../arm-none-eabi/lib/armv7e-m/libc.a(lib_a-memset.o)
 .data          0x0000000000000000        0x0 /Applications/ModusToolbox 1.0/tools/gcc-4.9.3-1.0/bin/../lib/gcc/arm-none-eabi/4.9.3/../../../../arm-none-eabi/lib/armv7e-m/libc.a(lib_a-memset.o)
 .bss           0x0000000000000000        0x0 /Applications/ModusToolbox 1.0/tools/gcc-4.9.3-1.0/bin/../lib/gcc/arm-none-eabi/4.9.3/../../../../arm-none-eabi/lib/armv7e-m/libc.a(lib_a-memset.o)
 .text.memset   0x0000000000000000       0x9c /Applications/ModusToolbox 1.0/tools/gcc-4.9.3-1.0/bin/../lib/gcc/arm-none-eabi/4.9.3/../../../../arm-none-eabi/lib/armv7e-m/libc.a(lib_a-memset.o)
 .debug_frame   0x0000000000000000       0x34 /Applications/ModusToolbox 1.0/tools/gcc-4.9.3-1.0/bin/../lib/gcc/arm-none-eabi/4.9.3/../../../../arm-none-eabi/lib/armv7e-m/libc.a(lib_a-memset.o)
 .ARM.attributes
                0x0000000000000000       0x2e /Applications/ModusToolbox 1.0/tools/gcc-4.9.3-1.0/bin/../lib/gcc/arm-none-eabi/4.9.3/../../../../arm-none-eabi/lib/armv7e-m/libc.a(lib_a-memset.o)
 .text          0x0000000000000000        0x0 /Applications/ModusToolbox 1.0/tools/gcc-4.9.3-1.0/bin/../lib/gcc/arm-none-eabi/4.9.3/../../../../arm-none-eabi/lib/armv7e-m/libc.a(lib_a-__call_atexit.o)
 .data          0x0000000000000000        0x0 /Applications/ModusToolbox 1.0/tools/gcc-4.9.3-1.0/bin/../lib/gcc/arm-none-eabi/4.9.3/../../../../arm-none-eabi/lib/armv7e-m/libc.a(lib_a-__call_atexit.o)
 .bss           0x0000000000000000        0x0 /Applications/ModusToolbox 1.0/tools/gcc-4.9.3-1.0/bin/../lib/gcc/arm-none-eabi/4.9.3/../../../../arm-none-eabi/lib/armv7e-m/libc.a(lib_a-__call_atexit.o)
 .text.startup.register_fini
                0x0000000000000000       0x14 /Applications/ModusToolbox 1.0/tools/gcc-4.9.3-1.0/bin/../lib/gcc/arm-none-eabi/4.9.3/../../../../arm-none-eabi/lib/armv7e-m/libc.a(lib_a-__call_atexit.o)
 .init_array.00000
                0x0000000000000000        0x4 /Applications/ModusToolbox 1.0/tools/gcc-4.9.3-1.0/bin/../lib/gcc/arm-none-eabi/4.9.3/../../../../arm-none-eabi/lib/armv7e-m/libc.a(lib_a-__call_atexit.o)
 .text.__call_exitprocs
                0x0000000000000000       0xd4 /Applications/ModusToolbox 1.0/tools/gcc-4.9.3-1.0/bin/../lib/gcc/arm-none-eabi/4.9.3/../../../../arm-none-eabi/lib/armv7e-m/libc.a(lib_a-__call_atexit.o)
 .debug_frame   0x0000000000000000       0x50 /Applications/ModusToolbox 1.0/tools/gcc-4.9.3-1.0/bin/../lib/gcc/arm-none-eabi/4.9.3/../../../../arm-none-eabi/lib/armv7e-m/libc.a(lib_a-__call_atexit.o)
 .ARM.attributes
                0x0000000000000000       0x2e /Applications/ModusToolbox 1.0/tools/gcc-4.9.3-1.0/bin/../lib/gcc/arm-none-eabi/4.9.3/../../../../arm-none-eabi/lib/armv7e-m/libc.a(lib_a-__call_atexit.o)
 .text          0x0000000000000000        0x0 /Applications/ModusToolbox 1.0/tools/gcc-4.9.3-1.0/bin/../lib/gcc/arm-none-eabi/4.9.3/../../../../arm-none-eabi/lib/armv7e-m/libc.a(lib_a-atexit.o)
 .data          0x0000000000000000        0x0 /Applications/ModusToolbox 1.0/tools/gcc-4.9.3-1.0/bin/../lib/gcc/arm-none-eabi/4.9.3/../../../../arm-none-eabi/lib/armv7e-m/libc.a(lib_a-atexit.o)
 .bss           0x0000000000000000        0x0 /Applications/ModusToolbox 1.0/tools/gcc-4.9.3-1.0/bin/../lib/gcc/arm-none-eabi/4.9.3/../../../../arm-none-eabi/lib/armv7e-m/libc.a(lib_a-atexit.o)
 .text.atexit   0x0000000000000000        0xc /Applications/ModusToolbox 1.0/tools/gcc-4.9.3-1.0/bin/../lib/gcc/arm-none-eabi/4.9.3/../../../../arm-none-eabi/lib/armv7e-m/libc.a(lib_a-atexit.o)
 .debug_frame   0x0000000000000000       0x20 /Applications/ModusToolbox 1.0/tools/gcc-4.9.3-1.0/bin/../lib/gcc/arm-none-eabi/4.9.3/../../../../arm-none-eabi/lib/armv7e-m/libc.a(lib_a-atexit.o)
 .ARM.attributes
                0x0000000000000000       0x2e /Applications/ModusToolbox 1.0/tools/gcc-4.9.3-1.0/bin/../lib/gcc/arm-none-eabi/4.9.3/../../../../arm-none-eabi/lib/armv7e-m/libc.a(lib_a-atexit.o)
 .text          0x0000000000000000        0x0 /Applications/ModusToolbox 1.0/tools/gcc-4.9.3-1.0/bin/../lib/gcc/arm-none-eabi/4.9.3/../../../../arm-none-eabi/lib/armv7e-m/libc.a(lib_a-fini.o)
 .data          0x0000000000000000        0x0 /Applications/ModusToolbox 1.0/tools/gcc-4.9.3-1.0/bin/../lib/gcc/arm-none-eabi/4.9.3/../../../../arm-none-eabi/lib/armv7e-m/libc.a(lib_a-fini.o)
 .bss           0x0000000000000000        0x0 /Applications/ModusToolbox 1.0/tools/gcc-4.9.3-1.0/bin/../lib/gcc/arm-none-eabi/4.9.3/../../../../arm-none-eabi/lib/armv7e-m/libc.a(lib_a-fini.o)
 .text.__libc_fini_array
                0x0000000000000000       0x2c /Applications/ModusToolbox 1.0/tools/gcc-4.9.3-1.0/bin/../lib/gcc/arm-none-eabi/4.9.3/../../../../arm-none-eabi/lib/armv7e-m/libc.a(lib_a-fini.o)
 .debug_frame   0x0000000000000000       0x34 /Applications/ModusToolbox 1.0/tools/gcc-4.9.3-1.0/bin/../lib/gcc/arm-none-eabi/4.9.3/../../../../arm-none-eabi/lib/armv7e-m/libc.a(lib_a-fini.o)
 .ARM.attributes
                0x0000000000000000       0x2e /Applications/ModusToolbox 1.0/tools/gcc-4.9.3-1.0/bin/../lib/gcc/arm-none-eabi/4.9.3/../../../../arm-none-eabi/lib/armv7e-m/libc.a(lib_a-fini.o)
 .text          0x0000000000000000        0x0 /Applications/ModusToolbox 1.0/tools/gcc-4.9.3-1.0/bin/../lib/gcc/arm-none-eabi/4.9.3/../../../../arm-none-eabi/lib/armv7e-m/libc.a(lib_a-__atexit.o)
 .data          0x0000000000000000        0x0 /Applications/ModusToolbox 1.0/tools/gcc-4.9.3-1.0/bin/../lib/gcc/arm-none-eabi/4.9.3/../../../../arm-none-eabi/lib/armv7e-m/libc.a(lib_a-__atexit.o)
 .bss           0x0000000000000000        0x0 /Applications/ModusToolbox 1.0/tools/gcc-4.9.3-1.0/bin/../lib/gcc/arm-none-eabi/4.9.3/../../../../arm-none-eabi/lib/armv7e-m/libc.a(lib_a-__atexit.o)
 .text.__register_exitproc
                0x0000000000000000       0xa4 /Applications/ModusToolbox 1.0/tools/gcc-4.9.3-1.0/bin/../lib/gcc/arm-none-eabi/4.9.3/../../../../arm-none-eabi/lib/armv7e-m/libc.a(lib_a-__atexit.o)
 .debug_frame   0x0000000000000000       0x34 /Applications/ModusToolbox 1.0/tools/gcc-4.9.3-1.0/bin/../lib/gcc/arm-none-eabi/4.9.3/../../../../arm-none-eabi/lib/armv7e-m/libc.a(lib_a-__atexit.o)
 .ARM.attributes
                0x0000000000000000       0x2e /Applications/ModusToolbox 1.0/tools/gcc-4.9.3-1.0/bin/../lib/gcc/arm-none-eabi/4.9.3/../../../../arm-none-eabi/lib/armv7e-m/libc.a(lib_a-__atexit.o)
 .text          0x0000000000000000        0x0 /Applications/ModusToolbox 1.0/tools/gcc-4.9.3-1.0/bin/../lib/gcc/arm-none-eabi/4.9.3/armv7e-m/crtend.o
 .data          0x0000000000000000        0x0 /Applications/ModusToolbox 1.0/tools/gcc-4.9.3-1.0/bin/../lib/gcc/arm-none-eabi/4.9.3/armv7e-m/crtend.o
 .bss           0x0000000000000000        0x0 /Applications/ModusToolbox 1.0/tools/gcc-4.9.3-1.0/bin/../lib/gcc/arm-none-eabi/4.9.3/armv7e-m/crtend.o
 .eh_frame      0x0000000000000000        0x4 /Applications/ModusToolbox 1.0/tools/gcc-4.9.3-1.0/bin/../lib/gcc/arm-none-eabi/4.9.3/armv7e-m/crtend.o
 .jcr           0x0000000000000000        0x4 /Applications/ModusToolbox 1.0/tools/gcc-4.9.3-1.0/bin/../lib/gcc/arm-none-eabi/4.9.3/armv7e-m/crtend.o
 .ARM.attributes
                0x0000000000000000       0x2e /Applications/ModusToolbox 1.0/tools/gcc-4.9.3-1.0/bin/../lib/gcc/arm-none-eabi/4.9.3/armv7e-m/crtend.o
 .text          0x0000000000000000        0x0 /Applications/ModusToolbox 1.0/tools/gcc-4.9.3-1.0/bin/../lib/gcc/arm-none-eabi/4.9.3/armv7e-m/crtn.o
 .data          0x0000000000000000        0x0 /Applications/ModusToolbox 1.0/tools/gcc-4.9.3-1.0/bin/../lib/gcc/arm-none-eabi/4.9.3/armv7e-m/crtn.o
 .bss           0x0000000000000000        0x0 /Applications/ModusToolbox 1.0/tools/gcc-4.9.3-1.0/bin/../lib/gcc/arm-none-eabi/4.9.3/armv7e-m/crtn.o
 .init          0x0000000000000000        0x8 /Applications/ModusToolbox 1.0/tools/gcc-4.9.3-1.0/bin/../lib/gcc/arm-none-eabi/4.9.3/armv7e-m/crtn.o
 .fini          0x0000000000000000        0x8 /Applications/ModusToolbox 1.0/tools/gcc-4.9.3-1.0/bin/../lib/gcc/arm-none-eabi/4.9.3/armv7e-m/crtn.o
 .ARM.attributes
                0x0000000000000000       0x1e /Applications/ModusToolbox 1.0/tools/gcc-4.9.3-1.0/bin/../lib/gcc/arm-none-eabi/4.9.3/armv7e-m/crtn.o

Memory Configuration

Name             Origin             Length             Attributes
DCT1_FLASH       0x000000001000a000 0x0000000000004000 xr
DCT2_FLASH       0x000000001000e000 0x0000000000004000 xr
APP_FLASH        0x0000000010012000 0x00000000000ee000 xr
SRAM             0x0000000008002000 0x000000000003a000 xrw
*default*        0x0000000000000000 0xffffffffffffffff

Linker script and memory map

LOAD /Applications/ModusToolbox 1.0/tools/gcc-4.9.3-1.0/bin/../lib/gcc/arm-none-eabi/4.9.3/armv7e-m/crti.o
LOAD /Applications/ModusToolbox 1.0/tools/gcc-4.9.3-1.0/bin/../lib/gcc/arm-none-eabi/4.9.3/armv7e-m/crtbegin.o
LOAD /Applications/ModusToolbox 1.0/tools/gcc-4.9.3-1.0/bin/../lib/gcc/arm-none-eabi/4.9.3/../../../../arm-none-eabi/lib/armv7e-m/crt0.o
                0x0000000000000fa0                START_STACK_SIZE = 0xfa0
                0x0000000000000000                FIQ_STACK_SIZE = 0x0
                0x0000000000000400                IRQ_STACK_SIZE = 0x400
                0x0000000000000000                SYS_STACK_SIZE = 0x0
START GROUP
LOAD ./RTE/WICED_WAF_APPS/dct.o
LOAD /Applications/ModusToolbox 1.0/tools/gcc-4.9.3-1.0/bin/../lib/gcc/arm-none-eabi/4.9.3/../../../../arm-none-eabi/lib/armv7e-m/libm.a
LOAD /Applications/ModusToolbox 1.0/tools/gcc-4.9.3-1.0/bin/../lib/gcc/arm-none-eabi/4.9.3/../../../../arm-none-eabi/lib/armv7e-m/libc.a
END GROUP
START GROUP
LOAD /Applications/ModusToolbox 1.0/tools/gcc-4.9.3-1.0/bin/../lib/gcc/arm-none-eabi/4.9.3/armv7e-m/libgcc.a
LOAD /Applications/ModusToolbox 1.0/tools/gcc-4.9.3-1.0/bin/../lib/gcc/arm-none-eabi/4.9.3/../../../../arm-none-eabi/lib/armv7e-m/libg.a
LOAD /Applications/ModusToolbox 1.0/tools/gcc-4.9.3-1.0/bin/../lib/gcc/arm-none-eabi/4.9.3/../../../../arm-none-eabi/lib/armv7e-m/libc.a
END GROUP
LOAD /Applications/ModusToolbox 1.0/tools/gcc-4.9.3-1.0/bin/../lib/gcc/arm-none-eabi/4.9.3/armv7e-m/crtend.o
LOAD /Applications/ModusToolbox 1.0/tools/gcc-4.9.3-1.0/bin/../lib/gcc/arm-none-eabi/4.9.3/armv7e-m/crtn.o

.glue_7         0x000000001000a000        0x0
 .glue_7        0x0000000000000000        0x0 linker stubs

.glue_7t        0x000000001000a000        0x0
 .glue_7t       0x0000000000000000        0x0 linker stubs

.vfp11_veneer   0x000000001000a000        0x0
 .vfp11_veneer  0x0000000000000000        0x0 linker stubs

.v4_bx          0x000000001000a000        0x0
 .v4_bx         0x0000000000000000        0x0 linker stubs

.iplt           0x000000001000a000        0x0
 .iplt          0x0000000000000000        0x0 /Applications/ModusToolbox 1.0/tools/gcc-4.9.3-1.0/bin/../lib/gcc/arm-none-eabi/4.9.3/armv7e-m/crtbegin.o

.igot.plt       0x0000000008002000        0x0
 .igot.plt      0x0000000000000000        0x0 /Applications/ModusToolbox 1.0/tools/gcc-4.9.3-1.0/bin/../lib/gcc/arm-none-eabi/4.9.3/armv7e-m/crtbegin.o

.rodata         0x000000001000a000     0x1f40
                0x000000001000a000                dct_location = .
 *(.rodata.initial_dct)
 .rodata.initial_dct
                0x000000001000a000     0x1f40 ./RTE/WICED_WAF_APPS/dct.o
                0x000000001000a000                initial_dct
 *(.rodata.wiced_apps_lut)
 *(.rodata.wiced_apps_lut_fill)
 *(.rodata._app_dct)
                0x000000001000bf40                dct_end = .
                0x0000000000004000                PROVIDE (dct_full_size_loc, 0x4000)
                0x0000000000001f40                PROVIDE (dct_used_size_loc, (dct_end - ORIGIN (DCT1_FLASH)))
OUTPUT(BLEPublisher_dct.elf elf32-littlearm)

.rel.dyn        0x000000001000bf40        0x0
 .rel.iplt      0x0000000000000000        0x0 /Applications/ModusToolbox 1.0/tools/gcc-4.9.3-1.0/bin/../lib/gcc/arm-none-eabi/4.9.3/armv7e-m/crtbegin.o

.debug_info     0x0000000000000000     0x12bb
 .debug_info    0x0000000000000000     0x12bb ./RTE/WICED_WAF_APPS/dct.o

.debug_abbrev   0x0000000000000000      0x150
 .debug_abbrev  0x0000000000000000      0x150 ./RTE/WICED_WAF_APPS/dct.o

.debug_aranges  0x0000000000000000       0x18
 .debug_aranges
                0x0000000000000000       0x18 ./RTE/WICED_WAF_APPS/dct.o

.debug_macro    0x0000000000000000     0x3316
 .debug_macro   0x0000000000000000      0x15c ./RTE/WICED_WAF_APPS/dct.o
 .debug_macro   0x000000000000015c      0x970 ./RTE/WICED_WAF_APPS/dct.o
 .debug_macro   0x0000000000000acc       0x10 ./RTE/WICED_WAF_APPS/dct.o
 .debug_macro   0x0000000000000adc       0x10 ./RTE/WICED_WAF_APPS/dct.o
 .debug_macro   0x0000000000000aec       0x22 ./RTE/WICED_WAF_APPS/dct.o
 .debug_macro   0x0000000000000b0e       0x44 ./RTE/WICED_WAF_APPS/dct.o
 .debug_macro   0x0000000000000b52       0xe3 ./RTE/WICED_WAF_APPS/dct.o
 .debug_macro   0x0000000000000c35       0x22 ./RTE/WICED_WAF_APPS/dct.o
 .debug_macro   0x0000000000000c57      0x1df ./RTE/WICED_WAF_APPS/dct.o
 .debug_macro   0x0000000000000e36      0x16d ./RTE/WICED_WAF_APPS/dct.o
 .debug_macro   0x0000000000000fa3      0x1ff ./RTE/WICED_WAF_APPS/dct.o
 .debug_macro   0x00000000000011a2     0x1d28 ./RTE/WICED_WAF_APPS/dct.o
 .debug_macro   0x0000000000002eca       0x10 ./RTE/WICED_WAF_APPS/dct.o
 .debug_macro   0x0000000000002eda       0x96 ./RTE/WICED_WAF_APPS/dct.o
 .debug_macro   0x0000000000002f70       0x40 ./RTE/WICED_WAF_APPS/dct.o
 .debug_macro   0x0000000000002fb0       0x1c ./RTE/WICED_WAF_APPS/dct.o
 .debug_macro   0x0000000000002fcc      0x11c ./RTE/WICED_WAF_APPS/dct.o
 .debug_macro   0x00000000000030e8      0x115 ./RTE/WICED_WAF_APPS/dct.o
 .debug_macro   0x00000000000031fd       0x1c ./RTE/WICED_WAF_APPS/dct.o
 .debug_macro   0x0000000000003219       0x2b ./RTE/WICED_WAF_APPS/dct.o
 .debug_macro   0x0000000000003244       0x10 ./RTE/WICED_WAF_APPS/dct.o
 .debug_macro   0x0000000000003254       0x10 ./RTE/WICED_WAF_APPS/dct.o
 .debug_macro   0x0000000000003264       0x6a ./RTE/WICED_WAF_APPS/dct.o
 .debug_macro   0x00000000000032ce       0x10 ./RTE/WICED_WAF_APPS/dct.o
 .debug_macro   0x00000000000032de       0x22 ./RTE/WICED_WAF_APPS/dct.o
 .debug_macro   0x0000000000003300       0x16 ./RTE/WICED_WAF_APPS/dct.o

.debug_line     0x0000000000000000      0x724
 .debug_line    0x0000000000000000      0x724 ./RTE/WICED_WAF_APPS/dct.o

.debug_str      0x0000000000000000    0x14c33
 .debug_str     0x0000000000000000    0x14c33 ./RTE/WICED_WAF_APPS/dct.o
                                      0x14fab (size before relaxing)

.comment        0x0000000000000000       0x70
 .comment       0x0000000000000000       0x70 ./RTE/WICED_WAF_APPS/dct.o
                                         0x71 (size before relaxing)

.ARM.attributes
                0x0000000000000000       0x2a
 .ARM.attributes
                0x0000000000000000       0x33 ./RTE/WICED_WAF_APPS/dct.o
